> Task :app:preBuild UP-TO-DATE
> Task :app:preDebugBuild UP-TO-DATE
> Task :app:mergeDebugNativeDebugMetadata NO-SOURCE
> Task :app:javaPreCompileDebug
> Task :app:generateDebugResValues
> Task :app:checkDebugAarMetadata
> Task :app:mapDebugSourceSetPaths
> Task :app:generateDebugResources
> Task :app:packageDebugResources
> Task :app:createDebugCompatibleScreenManifests
> Task :app:extractDeepLinksDebug
> Task :app:parseDebugLocalResources

> Task :app:processDebugMainManifest
package="com.nfaralli.particleflow" found in source AndroidManifest.xml: /data/data/com.termux/files/home/ParticleFlowGL/ParticleFlowGL/app/src/main/AndroidManifest.xml.
Setting the namespace via the package attribute in the source AndroidManifest.xml is no longer supported, and the value is ignored.
Recommendation: remove package="com.nfaralli.particleflow" from the source AndroidManifest.xml: /data/data/com.termux/files/home/ParticleFlowGL/ParticleFlowGL/app/src/main/AndroidManifest.xml.

> Task :app:mergeDebugResources
> Task :app:processDebugManifest
> Task :app:mergeDebugShaders
> Task :app:compileDebugShaders NO-SOURCE
> Task :app:generateDebugAssets UP-TO-DATE
> Task :app:mergeDebugAssets
> Task :app:compressDebugAssets
> Task :app:processDebugJavaRes NO-SOURCE
> Task :app:desugarDebugFileDependencies
> Task :app:mergeDebugStartupProfile UP-TO-DATE
> Task :app:mergeDebugJniLibFolders
> Task :app:checkDebugDuplicateClasses FAILED
> Task :app:mergeDebugNativeLibs NO-SOURCE
> Task :app:processDebugManifestForPackage
> Task :app:mergeDebugJavaResource

[Incubating] Problems report is available at: file:///data/data/com.termux/files/home/ParticleFlowGL/ParticleFlowGL/build/reports/problems/problems-report.html

Deprecated Gradle features were used in this build, making it incompatible with Gradle 10.

You can use '--warning-mode all' to show the individual deprecation warnings and determine if they come from your own scripts or plugins.

For more on this, please refer to https://docs.gradle.org/9.2.0/userguide/command_line_interface.html#sec:command_line_warnings in the Gradle documentation.
21 actionable tasks: 20 executed, 1 up-to-date
